// Jest Snapshot v1, https://goo.gl/fbAQLP

exports[`matches snapshot 1`] = `
<DocumentFragment>
  <div
    class="App"
  >
    <div
      class="BoxList"
    >
      <form>
        <label
          for="backgroundColor"
        >
          Color
        </label>
        <input
          id="backgroundColor"
          name="backgroundColor"
          placeholder="purple"
          type="text"
          value=""
        />
        <label
          for="width"
        >
          Width
        </label>
        <input
          id="width"
          name="width"
          placeholder="100px"
          type="text"
          value=""
        />
        <label
          for="height"
        >
          Height
        </label>
        <input
          id="height"
          name="height"
          placeholder="150px"
          type="text"
          value=""
        />
        <button
          type="submit"
        >
          Add "Square-tangle"
        </button>
      </form>
      <div
        class="Box"
        style="background-color: red; width: 100px; height: 100px;"
      >
        <button
          class="Box-btn"
        >
          x
        </button>
      </div>
    </div>
  </div>
</DocumentFragment>
`;
